I'm sorry, but errors were detected in your script. Please correct the
errors listed below, and try again.


File "game/script.rpy", line 23: end of line expected.
    show PeebHappy.png
                  ^

Ren'Py Version: Ren'Py 8.2.1.24030407
Fri May 24 13:46:35 2024
